// Jest Snapshot v1, https://goo.gl/fbAQLP

exports[`Test the renders of EditPublishButton 1`] = `
ShallowWrapper {
  "length": 1,
  Symbol(enzyme.__root__): [Circular],
  Symbol(enzyme.__unrendered__): <EditPublishButton
    isEditMode={false}
    isLogin={false}
  />,
  Symbol(enzyme.__renderer__): Object {
    "batchedUpdates": [Function],
    "getNode": [Function],
    "render": [Function],
    "simulateEvent": [Function],
    "unmount": [Function],
  },
  Symbol(enzyme.__node__): Object {
    "instance": null,
    "key": undefined,
    "nodeType": "host",
    "props": Object {
      "children": Array [
        <button
          className="edit_toggle_button"
          disabled={true}
          onClick={[Function]}
        >
          EDIT
        </button>,
        <button
          className="publishButton"
          disabled={true}
          onClick={[Function]}
        >
          PUBLISH
        </button>,
        <AssetsStatusModal
          lockedBy={Object {}}
          onCancel={[Function]}
          onConfirm={[Function]}
          showModal={false}
        />,
        <div />,
      ],
      "className": "editPublishComp",
    },
    "ref": null,
    "rendered": Array [
      Object {
        "instance": null,
        "key": undefined,
        "nodeType": "host",
        "props": Object {
          "children": "EDIT",
          "className": "edit_toggle_button",
          "disabled": true,
          "onClick": [Function],
        },
        "ref": null,
        "rendered": "EDIT",
        "type": "button",
      },
      Object {
        "instance": null,
        "key": undefined,
        "nodeType": "host",
        "props": Object {
          "children": "PUBLISH",
          "className": "publishButton",
          "disabled": true,
          "onClick": [Function],
        },
        "ref": null,
        "rendered": "PUBLISH",
        "type": "button",
      },
      Object {
        "instance": null,
        "key": undefined,
        "nodeType": "class",
        "props": Object {
          "lockedBy": Object {},
          "onCancel": [Function],
          "onConfirm": [Function],
          "showModal": false,
        },
        "ref": null,
        "rendered": null,
        "type": [Function],
      },
      Object {
        "instance": null,
        "key": undefined,
        "nodeType": "host",
        "props": Object {},
        "ref": null,
        "rendered": null,
        "type": "div",
      },
    ],
    "type": "div",
  },
  Symbol(enzyme.__nodes__): Array [
    Object {
      "instance": null,
      "key": undefined,
      "nodeType": "host",
      "props": Object {
        "children": Array [
          <button
            className="edit_toggle_button"
            disabled={true}
            onClick={[Function]}
          >
            EDIT
          </button>,
          <button
            className="publishButton"
            disabled={true}
            onClick={[Function]}
          >
            PUBLISH
          </button>,
          <AssetsStatusModal
            lockedBy={Object {}}
            onCancel={[Function]}
            onConfirm={[Function]}
            showModal={false}
          />,
          <div />,
        ],
        "className": "editPublishComp",
      },
      "ref": null,
      "rendered": Array [
        Object {
          "instance": null,
          "key": undefined,
          "nodeType": "host",
          "props": Object {
            "children": "EDIT",
            "className": "edit_toggle_button",
            "disabled": true,
            "onClick": [Function],
          },
          "ref": null,
          "rendered": "EDIT",
          "type": "button",
        },
        Object {
          "instance": null,
          "key": undefined,
          "nodeType": "host",
          "props": Object {
            "children": "PUBLISH",
            "className": "publishButton",
            "disabled": true,
            "onClick": [Function],
          },
          "ref": null,
          "rendered": "PUBLISH",
          "type": "button",
        },
        Object {
          "instance": null,
          "key": undefined,
          "nodeType": "class",
          "props": Object {
            "lockedBy": Object {},
            "onCancel": [Function],
            "onConfirm": [Function],
            "showModal": false,
          },
          "ref": null,
          "rendered": null,
          "type": [Function],
        },
        Object {
          "instance": null,
          "key": undefined,
          "nodeType": "host",
          "props": Object {},
          "ref": null,
          "rendered": null,
          "type": "div",
        },
      ],
      "type": "div",
    },
  ],
  Symbol(enzyme.__options__): Object {
    "adapter": ReactSixteenAdapter {
      "options": Object {
        "enableComponentDidUpdateOnSetState": true,
      },
    },
  },
}
`;
